   0.000000e+00   3.084688e+02   3.010461e+02   2.994866e+02   2.972485e+02   3.000081e+02   2.956811e+02   2.965693e+02   2.915963e+02  -3.393309e+01   1.963114e+01
